
具体报错
fatal: The remote end hung up unexpectedly
error: RPC failed; curl 18 transfer closed with outstanding read data remaining

解决方法
git config --global http.postBuffer 524288000

需要注意的是http.postBuffer 后，单位是b，524288000B也就500M左右

# root@5420f754d9e6:/chat_bot# git diff HEAD conf/system_conf.py
WARNING: terminal is not fully functional
这是因为 TERM 变量的值 git 无法识别。
在Windows中可以使用如下的方式设置
SETX TERM cygwin
在Linux中可以使用如下的方式设置：
root@5420f754d9e6:/chat_bot# export TERM=xterm

有时候删除远程的分支或者tag会报错：
error: dst refspec tianfeng_20180910 matches more than one.
错误原因：当远程仓库同时存在相同名称的 branch 和 tag 时，不指明绝对路径的前提下，操作这个名称的 branch 和 tag 都会出现这个问题。
解决方案：
指明操作对象的绝对路径就能准确操作了
对象	路径
branch	refs/heads/branch_name
tag	refs/tags/tag_name
举个删除的例子：
//删除 dev_test 分支
git push origin :refs/heads/dev_test
//删除 dev_test 标签
git push origin :refs/tags/dev_test

# git diff; git branch等命令时，不能已颜色来区分；而是显示如下格式：
* [[32mmaster[[m
[[1mdiff --git a/README.md b/README.md[[m
[[1mdiff --git a/README.md b/README.md[[m
[[1mindex 808c44b..4111fe9 100644[[m
[[1m--- a/README.md[[m
[[1m+++ b/README.md[[m
解决方案：安装第三方工具colordiff增加颜色：
Alpine Linux: apk add colordiff

# 解决github上传ssh-key后仍须输入密码的问题
git clone https://github.com/Name/project.git
这样便会在你git push时候要求输入用户名和密码 
解决的方法是使用ssh方式克隆仓库:
git clone git@github.com:Name/project.git

gswyhq@gswyhq-PC:~/github_projects/PDF_Table_Extraction$ git pull origin master
来自 https://github.com/gswyhq/PDF_Table_Extraction
 * branch            master     -> FETCH_HEAD
fatal: 拒绝合并无关的历史
解决方案：
在pull 时候, 添加–allow-unrelated-histories参数 即可.
$ git pull origin master --allow-unrelated-histories

有时候push报错：
gswyhq@gswyhq-PC:~/github_projects/kompose$ git push origin master 
fatal: Out of memory, malloc failed (tried to allocate 524288000 bytes)
fatal: The remote end hung up unexpectedly
主要原因是本机内存不足，引起；
解决方法：关闭不用的应用，释放对应的内容占用，再重新push即可。

pip3 install git+https://... 时出现：
fatal: 配置变量 'http.postbuffer' 的数字取值 '5242880000' 设置错误: out of range
解决方案：
查找哪里的git配置设置错误：
gswyhq@gswyhq-pc:~$ git config http.postBuffer 
524288000
gswyhq@gswyhq-pc:~$ sudo git config http.postBuffer 
5242880000
这个时候，说明sudo用户的配置错误：
解决方案：
gswyhq@gswyhq-pc:~$ sudo git config --global  http.postBuffer 524288000

异常：git clone github 速度太慢；
问题分析：
git clone特别慢是因为github.global.ssl.fastly.net域名被限制了。
只要找到这个域名对应的ip地址，然后在hosts文件中加上ip–>域名的映射，刷新DNS缓存便可。
解决方案：
1.在网站 https://www.ipaddress.com/ 分别搜索：
github.global.ssl.fastly.net
github.com
2.在hosts文件末尾添加两行(对应上面查到的ip，注意IP地址在左侧)
151.101.185.194 github.global-ssl.fastly.net
192.30.253.112 github.com
3.刷新DNS缓存
sudo /etc/init.d/networking restart

删除远程github的master分支报错：
 ! [remote rejected] master (refusing to delete the current branch: refs/heads/master)
error: 无法推送一些引用到 ******
解决方案：
第一步：git config receive.denyDeleteCurrent false
第二步：登录github,进入对应仓库-> Settings -> Branches -> 修改 Default branch; 即将默认的分支修改为非master分支。
第三步：git push origin  :master

$ git push origin master 
git：'credential-erase' 不是一个 git 命令。参见 'git --help'。
解决方案，更改下存储类型，如：
gswyhq@gswyhq-PC:~/hello-world$ git config --global credential.helper 'cache --timeout 36000'
gswyhq@gswyhq-PC:~/hello-world$ git config credential.helper 'cache --timeout 36000'

# 向github推送代码出错：
$ git push origin master
remote: Support for password authentication was removed on August 13, 2021. Please use a personal access token instead.
remote: Please see https://github.blog/2020-12-15-token-authentication-requirements-for-git-operations/ for more information.
解决方案：
1，登录github, 点击右上角用户图像里头的setting,进入页面：https://github.com/settings/profile
2，点击  Developer settings
3，点击 Personal access tokens
Settings ->  Developer settings -> Personal access tokens -> Generate new token -> 输入github 登录密码；
Note,那里输入token名称；
Expiration 那里设置token有效期，也可以选择 No expiration(永久有效) 
全部或部分勾选，再点击 Generate token 
这时就生成了一个token，如：ght_8JVNIF1234sUcr3tq8CfEKp3fgM******1D8
以后进入页面 https://github.com/settings/tokens，也可以查看；
当然，也可以点击token后面的Delete删除掉；
将git仓库URL地址改成带有token的，如：
url = https://github.com/gswyhq/hello-world.git
url = https://ght_8JVNIF1234sUcr3tq8CfEKp3fgM*******1D8@github.com/gswyhq/hello-world
或者：
可以用git remote -v查看绑定的仓库列表，他会以<仓库名>  <仓库地址>的形式展示出来（一个仓库会显示两遍）：
$ git remote -v
origin  https://xxx.com/lyj00912/xxx.git (fetch)
origin  https://xxx.com/lyj00912/xxx.git (push)
如果要删除一个仓库，可以用git remote remove <仓库名>来删除这个仓库：
$ git remote remove origin
删除之后再查看git remote -v，就会发现仓库已经被删除，列表为空：
$ git remote -v
如果要添加新的仓库，使用git remote add <仓库名> <仓库地址>来添加：
$ git remote add newrepo https://xxx.com/lyj00912/xxx.git
添加之后再查看git remote -v，就会发现仓库已经添加进去了：
$ git remote -v
newrepo   https://xxx.com/lyj00912/xxx.git (fetch)
newrepo   https://xxx.com/lyj00912/xxx.git (push)

