
问题：
    from jupyter_core.utils import ensure_dir_exists
ImportError: cannot import name 'ensure_dir_exists'
解决方法：
gswyhq@gswyhq-pc:~$ sudo pip3 install -U jupyter_core jupyter_client

问题：
ImportError: No module named 'nbconvert.exporters.base'
解决方法：
gswyhq@gswyhq-pc:~$ sudo pip3 install -U nbconvert

jupyter忘记密码怎么办？
命令行输入：jupyter notebook list   回车
在输出的内容中找"token=xxxxxxxxx"，把等号后面一大堆的东西即可理解是密钥
root@693bafbd7758:/notebooks# jupyter notebook list
Currently running servers:
http://localhost:8888/?token=e1658c6cd6bbb3b0a8800ed8efc52ac37c25f29677e0a642 :: /notebooks

在终端运行：jupyter notebook --ip 0.0.0.0 --port 9999
浏览器打开对应页面，却不能运行代码块，报如下信息：
[I 15:12:51.804 NotebookApp] Adapting to protocol v5.1 for kernel 265ecdfd-6e38-4514-adfa-8c449ef8b2bc
/usr/local/lib/python3.6/dist-packages/notebook/base/zmqhandlers.py:284: RuntimeWarning: coroutine 'WebSocketHandler.get' was never awaited
  super(AuthenticatedZMQStreamHandler, self).get(*args, **kwargs)
[W 15:12:52.822 NotebookApp] Replacing stale connection: 265ecdfd-6e38-4514-adfa-8c449ef8b2bc:dc1f1a1c8e6347c5807dc72ce7715d94
原因分析：
tornado版本冲突，jupyter 5.7.5版本以下并不支持tornado6.0。
jupyter notebook 5.7.5版本已经修复该bug
解决方案(可将tornado降级为6.0以下版本，或者升级jupyter notebook到5.7.5版本以上)：
~$ sudo pip3 install -U notebook==5.7.5 -i http://pypi.douban.com/simple --trusted-host=pypi.douban.com

ipython在使用时候，有时候粘贴代码块会自动缩进，可以通过设置不让缩进；
In [18]: %autoindent
Automatic indentation is: OFF
但上面方法仅仅在当前有效，若退出了ipython,重新打开时，又得重新设置一次；
若想永久设置，则需修改 ~/.ipython/profile_default/ipython_config.py
若该文件不存在，则通过下命令生成该文件；
~$ ipython profile create
vim ~/.ipython/profile_default/ipython_config.py
将“# c.InteractiveShell.autoindex = True”,取消注释，并改为False,即：
c.InteractiveShell.autoindex = False

# jupyter运行报错：
  File "<ipython-input-2-c0611b6ef873>", line 1, in <module>
    import win32api
  File "D:\Program Files\JetBrains\PyCharm Community Edition 2018.3.7\helpers\pydev\_pydev_bundle\pydev_import_hook.py", line 21, in do_import
    module = self._system_import(name, *args, **kwargs)
ImportError: DLL load failed: 找不到指定的程序。
原因不明，python为3.6.5版本，pywin32由227回退到223版本，解决了问题
pip install pywin32==223
python3.7版本，貌似要改为：
pip install pywin32==227

# 问题，运行别人提供的ipynb时候，报错：
Notebook ****.ipynb is not trusted
产生原因：为了防止在打开笔记本时代表用户执行不受信任的代码，jupyter notebook会存储每个受信任笔记本的签名。
如果是自己机器写的文件，jupyter notebook都会信任它。如果是要运行别人的文件，由于没有签名，jupyter notebook会不信任该文件。
解决方法：
方法1：只需要再jupyter notebook的命令行输入信任的文件名即可解决问题
$ jupyter trust ***.ipynb
方法2：在notebook中点击页面右上角处的“不可信/Not Trusted”, 在弹出页面中点击“可信/Trust”即可；

问题：启动jupyter终端报错：
[W 2022-11-17 15:27:56.424 ServerApp] 404 GET /api/kernels/97402eaf-6f18-4f7d-882d-271099dc6f3b/channels?session_id=75292270-84dc-4984-b742-055152e18045 (127.0.0.1) 2.99ms referer=None
[W 2022-11-17 15:27:56.429 ServerApp] 404 GET /api/kernels/97402eaf-6f18-4f7d-882d-271099dc6f3b?1668670076427 (127.0.0.1): Kernel does not exist: 97402eaf-6f18-4f7d-882d-271099dc6f3b
[W 2022-11-17 15:27:56.430 ServerApp] Kernel does not exist: 97402eaf-6f18-4f7d-882d-271099dc6f3b
解决问题方法：
将~/AppData/Roaming/jupyter/runtime 目录下的内容清空，重启jupyter即可；

# 问题：jupyterlab使用的时候无菜单栏，打开*.ipynb页面后，仅有“保存”、“复制”、“剪切”等按钮，无kernel“运行”、“重启”、“停止”按钮；
解决方法：
将之前的jupyter、notebook、ipython等全部卸载掉，重新安装指定版本就好；
pip3 uninstall -y ipywidgets nbclassic widgetsnbextension
jupyter、notebook、ipython相关安装包，可通过如下命令查找：
pip3 list|grep -e notebook -e jupyter -e ipython -e nbconvert -e nbclient -e ipykernel -e ipdb -e nbclient -e nbclassic
卸载完全后，重新安装，即可：
pip3 install ipython==7.29.0 ipython-genutils==0.2.0 jupyter-client==7.0.6 jupyter-core==4.9.1 jupyter-tensorboard==0.2.0 jupyterlab==2.3.2 jupyterlab-pygments==0.1.2 jupyterlab-server==1.2.0 notebook==6.4.3
后期分析主要原因是
通过pip3 install jupyterlab-system-monitor，将“JupyterLab 2.x”升级为“JupyterLab 3.x”；
而又没有安装对应的插件：“jupyterlab-topbar-extension”，导致菜单栏不显示了；
查询已安装的插件命令：
root@227eacca4499:~# jupyter labextension list
JupyterLab v2.2.8
Known labextensions:
   app dir: /usr/local/share/jupyter/lab
        @telamonian/theme-darcula v2.0.0  enabled  OK
        jupyterlab-spreadsheet v0.3.2  enabled  OK
        jupyterlab-system-monitor v0.6.0  enabled  OK
        jupyterlab-topbar-extension v0.5.0  enabled  OK
安装插件的命令：jupyter labextension install <extension name> ，如：jupyter labextension install jupyterlab-topbar-extension
卸载已经安装插件的命令：jupyter labextension uninstall <extension name>， 如：jupyter labextension uninstall @telamonian/theme-darcula jupyterlab-spreadsheet


