安装配置远程ipython notebook

配置服务器的ipython，这样就可以通过浏览器连接远程ipython进行数据分析和其他的操作了。 
这里以虚拟机中的ubuntu为例，用virtualbox安装ubuntu，安装ssh，xshell连接远程服务器方法，安装anaconda(Python)略过，请参考相关文章。

1.创建登陆密码

先在服务器端启动远程ipython，生成自定义密码的sha1
gswewf@ubuntu:~$ ipython
Python 2.7.6 (default, Jun 22 2015, 17:58:13) 
Type "copyright", "credits" or "license" for more information.

IPython 4.2.0 -- An enhanced Interactive Python.
?         -> Introduction and overview of IPython's features.
%quickref -> Quick reference.
help      -> Python's own help system.
object?   -> Details about 'object', use 'object??' for extra details.

In [1]: from IPython.lib import passwd

In [2]: passwd()
Enter password: 
Verify password: 
Out[2]: 'sha1:b9df8a62540a:7b55bf7db46abd0c018d7625e5d8be6c50ab9faa'

此时输入密码和确认密码，以后远程登陆就是用这个密码。同时牢记sha1，下面的配置要用到。

2.创建自签名证书

使用openssl创建一个自签名证书，由于是自签名所以浏览器会提示警告，选择信任exception即可。如果不想引起警告，需具备合格证compliant certificate，可参照tutorial

gswewf@ubuntu:~$ openssl req -x509 -nodes -days 365 -newkey rsa:1024 -keyout mycert.pem -out mycert.pem
Generating a 1024 bit RSA private key
............++++++
..................................++++++
writing new private key to 'mycert.pem'
-----
You are about to be asked to enter information that will be incorporated
into your certificate request.
What you are about to enter is what is called a Distinguished Name or a DN.
There are quite a few fields but you can leave some blank
For some fields there will be a default value,
If you enter '.', the field will be left blank.
-----
Country Name (2 letter code) [AU]:.
State or Province Name (full name) [Some-State]:.
Locality Name (eg, city) []:.
Organization Name (eg, company) [Internet Widgits Pty Ltd]:.
Organizational Unit Name (eg, section) []:.
Common Name (e.g. server FQDN or YOUR name) []:.
Email Address []:.
error, no objects specified in config file
problems making Certificate Request
gswewf@ubuntu:~$ 

记住mycert.pem的位置，一会要用到，可通过pwd查看

3.创建ipython notebook服务器

gswewf@ubuntu:~$ ipython profile create nbserver
[ProfileCreate] Generating default config file: u'/home/gswewf/.ipython/profile_nbserver/ipython_config.py'
[ProfileCreate] Generating default config file: u'/home/gswewf/.ipython/profile_nbserver/ipython_kernel_config.py'


命令行会有输出，告诉你生成的文件在哪里. 
此时可以将 mycert.pem 证书移到 ipython notebook的文件夹，将相关的东西放在一起。

gswewf@ubuntu:~$ mv mycert.pem .ipython/mycert.pem
gswewf@ubuntu:~$ ls

4.修改配置文件

生成的配置文件在 
/home/gswewf/.ipython/profile_nbserver/ipython_kernel_config.py 

在开始部分，复制粘贴下面的内容

c = get_config()

# Kernel config
c.IPKernelApp.pylab = 'inline'  # if you want plotting support always

# Notebook config
c.NotebookApp.certfile = u'/home/gswewf/.ipython/mycert.pem'
c.NotebookApp.ip = '*'
c.NotebookApp.open_browser = False
c.NotebookApp.password = u'sha1:b9df8a62540a:7b55bf7db46abd0c018d7625e5d8be6c50ab9faa'
# It's a good idea to put it on a known, fixed port
c.NotebookApp.port = 9999


5.重启ubuntu，启动ipython notebook服务器

$ ipython notebook --profile=nbserver

然后看到下面输出 
The IPython Notebook is running at: https://[all ip addresses on your system]:9999/

6.远程连接ipython notebook

打开浏览器，输入 
https://192.168.56.101:9999 
此时要求输入密码，这个密码就是刚才创建sha1时输入的密码。

其他的和普通的ipython notebook一样的操作了。 
注意，这里192.168.56.101是我虚拟机中ubuntu开启的地址，请换成你的远程地址。




服务器端运行： ipython notebook --ip=0.0.0.0 # 设置为0.0.0.0，就可以在其他机器访问，默认是：localhost
或者带端口号运行：ipython notebook --ip=0.0.0.0 --port=3672 #默认端口号是：8888

本地打开浏览器，输入：http://183.61.189.197:8888/tree，即可打开ipython notebook


