1、运行python程序时报错：
提示“SyntaxError: Non-ASCII character '\xe8' in file”
解决方法：
在文件头部加上：
# -*- coding: utf-8 -*-

2、python3, print函数报错：
>>> print(code)
Traceback (most recent call last):
  File "<stdin>", line 1, in <module>
UnicodeEncodeError: 'ascii' codec can't encode character '\u5408' in position 0: ordinal not in range(128)

解决方案：
root@6c6656292234:~# export LANG=en_US.UTF-8
root@6c6656292234:~# export PYTHONIOENCODING=UTF-8

问题：终端的输出不能重定向到文件
在脚本中运行： nohup python3 -u main.py 2>&1 > train.log &
不能将终端显示的内容重定向到文件 train.log ; 但直接在终端训练命令，却有输出。
原因是python缓存机制，虽然stderr和stdout默认都是指向屏幕的，但是stderr是无缓存的，程序往stderr输出一个字符，就会在屏幕上显示一个；而stdout是有缓存的，只有遇到换行或者积累到一定的大小，才会显示出来。
解决方案：-u参数的使用
python命令加上-u（unbuffered）参数后会强制其标准输出也同标准错误一样不通过缓存直接打印到屏幕。
上命令改成下面这个即可解决： nohup python3 -u main.py 2>&1 > train.log &

# Python 3.5.3 使用 pathlib 读取文件时，明明文件存在，却报错：
TypeError: invalid file: PosixPath('/home/gswyhq/data/Fashion-Mnist/train-images-idx3-ubyte')
解决方案：
将 with open(DATA_PATH / "train-images-idx3-ubyte", 'rb') as file_object:
改为： with open(str(DATA_PATH / "train-images-idx3-ubyte"), 'rb') as file_object: 


错误：python, print, f开头的字符串，语法错误；
    print(f'Logging Info - Reading item2entity file: {file_path}' )                                                                ^
SyntaxError: invalid syntax
原因，python 版本不对
Python 3.6版本以后允许在字符串前置f的形式代替 .format语句

# python 代码检查都是正常的，但是报错：
ValueError: bad marshal data (unknown type code)
问题原因，重命名了路径或文件名所致
解决方案：对应的模块目录下的.pyc文件删除 
find . -name "__pycache__" |xargs -i rm -rf {}

# pip3 install sentencepiece 安装报错：
Failed to find sentencepiece pkg-config

# 解决方法，下载对应的whl文件安装；
https://pypi.org/project/sentencepiece/#files
pip3 install sentencepiece-0.1.96-cp36-cp36m-manylinux_2_17_x86_64.manylinux2014_x86_64.whl

# 安装whl文件报错：
提示错误：平台版本不对，如下。
sentencepiece-0.1.96-cp36-cp36m-manylinux_2_17_x86_64.manylinux2014_x86_64.whl is not a supported wheel on this platform.
解决方法：
1、首先通过pip检查工具检查你电脑的接受安装的标签：
这个地方需要根据你的电脑使用命令：
~$  python
>>> import pip._internal
>>> print(pip._internal.pep425tags.get_supported())

win32
~$ python
>>> import pip
>>> print(pip.pep425tags.get_supported())
2、修改需要安装的包名格式
mv sentencepiece-0.1.96-cp36-cp36m-manylinux_2_17_x86_64.manylinux2014_x86_64.whl sentencepiece-0.1.96-cp36-cp36m-manylinux_2_17_x86_64.manylinux1_x86_64.whl
3、安装重命名后的whl文件
pip3 install sentencepiece-0.1.96-cp36-cp36m-manylinux_2_17_x86_64.manylinux1_x86_64.whl

