
# 本地端口转发异常：
ubuntu@ip-172-33-14-6:~$ ssh -fCNL "*:18007:localhost:7770" localhost
localhost: Warning: Permanently added 'localhost' (ECDSA) to the list of known hosts.
localhost: Permission denied (publickey).
# 解决方法，生成密钥，添加到authorized_keys文件中：
ubuntu@ip-172-33-14-6:~$ ssh-keygen -C 'web1172.31.14.6@web1.co' -t rsa
ubuntu@ip-172-33-14-6:~/.ssh$ cat id_rsa.pub >> authorized_keys 


# 有时候报错如下：
  File "/usr/local/lib/python3.5/dist-packages/jpype/_jvmfinder.py", line 95, in find_possible_homes
    for childname in sorted(os.listdir(parent)):
FileNotFoundError: [Errno 2] No such file or directory: '/usr/lib/jvm'
是因为没有安装Java，安装命令如下：
root@b06e71597f91:/# apt-get update
root@b06e71597f91:/# apt-get install openjdk-8-jdk

gswewf@gswewf-PC:~$ ab -c 2000 -n 2000 "http://127.0.0.1:8000/test"
报错：
Benchmarking 127.0.0.1 (be patient)
socket: Too many open files (24)
解决方法：
1、查看当前要以打开的文件个数
gswewf@gswewf-PC:~$ ulimit -a
open files                      (-n) 1024
2、调整可以打开的文件数
gswewf@gswewf-PC:~$ ulimit -n 65535
3、重新执行刚才的命令
gswewf@gswewf-PC:~$ ab -c 2000 -n 2000 "http://127.0.0.1:8000/test"

gswewf@gswewf-PC:~$ ab -c 2000 -n 20000 -k "http://127.0.0.1:8000/test"
报错：
apr_pollset_poll: The timeout specified has expired (70007)
Total of 18724 requests completed
解决方法：
修改‘/etc/sysctl.conf’文件添加如下两行（若已经存在，则可以尝试继续增大）：
gswewf@gswewf-PC:~$ sudo vim /etc/sysctl.conf
net.nf_conntrack_max = 655360
net.netfilter.nf_conntrack_tcp_timeout_established = 12000

# 不重起服务器，让新配置生效
gswewf@gswewf-PC:~$ sudo sysctl -p /etc/sysctl.conf


安装unix2dos和dos2unix
gswewf@gswewf-PC:~$ sudo apt-get install tofrodos
运行这两行
gswewf@gswewf-PC:~$ sudo ln -s /usr/bin/todos /usr/bin/unix2dos
gswewf@gswewf-PC:~$ sudo ln -s /usr/bin/fromdos /usr/bin/dos2unix

当远程登录主机时出现Pseudo-terminal will not be allocated because stdin is not a terminal. 错误。
原因：用脚本调用或者程序调用ssh登陆远程的时候出现的这个情况。
解决方案:
写登陆脚本ssh的时候加个参数
ssh -t -t user@10.242.1.1
或者
ssh user@10.242.1.1 -tt

# 使用sudo时报错：
sudo: no tty present and no askpass program specified
原因：由于帐号并没有开启免密码或设置root密码导致的
解决方案1（设置免密）：
假设当前帐号为gswyhq;切换到root下，添加免密码： 
[root@4891fe85fdb8 ~]# echo "gswyhq ALL = NOPASSWD: ALL" >> /etc/sudoers 

异常（add-apt-repository: command not found）：
root@7c1c26b49037:~# sudo add-apt-repository ppa:webupd8team/java
sudo: add-apt-repository: command not found
解决方案：
root@7c1c26b49037:~# apt-get install -y software-properties-common python-software-properties

问题：
gswyhq@gswyhq-PC:~/hello-world$ sudo apt-get update
命中:1 http://packages.deepin.com/deepin panda InRelease
获取:2 http://ppa.launchpad.net/webupd8team/java/ubuntu disco InRelease [15.4 kB]
错误:2 http://ppa.launchpad.net/webupd8team/java/ubuntu disco InRelease
  由于没有公钥，无法验证下列签名： NO_PUBKEY C2518248EEA14886
正在读取软件包列表... 完成
W: GPG 错误：http://ppa.launchpad.net/webupd8team/java/ubuntu disco InRelease: 由于没有公钥，无法验证下列签名： NO_PUBKEY C2518248EEA14886
E: 仓库 “http://ppa.launchpad.net/webupd8team/java/ubuntu disco InRelease” 没有数字签名。
N: 无法安全地用该源进行更新，所以默认禁用该源。
N: 参见 apt-secure(8) 手册以了解仓库创建和用户配置方面的细节。

解决方法：
gswyhq@gswyhq-PC:~/hello-world$ sudo apt-key adv --recv-keys --keyserver keyserver.ubuntu.com C2518248EEA14886
Executing: /tmp/apt-key-gpghome.yRSpsOFtat/gpg.1.sh --recv-keys --keyserver keyserver.ubuntu.com C2518248EEA14886
gpg: key C2518248EEA14886: 14 signatures not checked due to missing keys
gpg: 密钥 C2518248EEA14886：公钥“Launchpad VLC”已导入
gpg: 合计被处理的数量：1
gpg:           已导入：1
gswyhq@gswyhq-PC:~/hello-world$ sudo apt-get update

有时候运行.sh文件报错：
make.sh: line 2: $'\r': command not found
出现如题错误就是windows下写的文件在linux环境下无法识别，格式上略有差异。
Ubuntu解决方法：
1、sudo apt-get install tofrodos
2、fromdos 文件名

Centos解决方法：
1、yum -y install dos2unix
2、dos2unix 文件名

运行程序时报类似下面的错误：
ImportError: libcudart***: cannot open shared object file: No such file or directory
可能的解决方案：
apt-get update
apt-get install -y apt-file
apt-file update
apt-file search libcudart***
apt-get install libcudart***

# 问题：在装完hadoop及jdk之后，在执行start-all.sh的时候出现
设置的密码是对的，无论怎么输都不对
root@localhost's password:localhost:permission denied,please try again。
尝试解决方法：在出现上述问题后，输入
　　sudo passwd
然后，会输入新的密码，设置之后，再重新格式化一下namenode，最后执行start-all.sh，但还是不行；
解决方法：
1.安装 open ssh：sudo apt-get install openssh-server
2.修改root密码：#sudo passwd root
3.辑配置文件，允许以 root 用户通过 ssh 登录：sudo vi /etc/ssh/sshd_config
　找到：PermitRootLogin prohibit-password
  添加：PermitRootLogin yes
4.sudo service ssh restart

# Ubuntu系统 root用户时报错：
mesg: ttyname failed: Inappropriate ioctl for device
问题原因：
Ubuntu的设计理念就是尽量避免直接用root账户进行操作。因此，当有人尝试使用root账户直接登录，便会发出图中的错误信息。实际上，这个错误本身不会影响系统的运行
关闭该错误的方法：
将 /root/.profile 文件末尾的
mesg n || true
改为：
tty -s && mesg n
sed -i 's/mesg n || true/tty -s && mesg n/g' /root/.profile

# root@27d832029d21:~# netstat -nap
bash: netstat: command not found
解决方法：
root@27d832029d21:~# apt-get install -y  net-tools

# su 切换用户时，提示：
su: user postgres does not exist
# 解决方法，添加用户再切换：
root@90fc75e1cd24:/# useradd postgres
root@90fc75e1cd24:/# su postgres


安装完某个软件后报错：
  The scripts *** are installed in '/home/gswyhq/.local/bin' which is not on PATH.
是因为程序安装在“/home/gswyhq/.local/bin”中，该文件不在路径上。考虑将此目录添加到PATH中。
如何将路径添加到环境变量PATH.
vim ~/.profile
添加
export PATH=$PATH:/home/gswyhq/.local/bin

问题：gcc将.py文件编译成 so文件出错：
gcc: internal compiler error: Killed (program cc1)
可能原因是内存不足；

# 问题：
ifconfig command not found 
解决方法：
apt-get install net-tools 

# apt-get update 报错：
Err:1 http://deb.debian.org/debian bookworm InRelease
  The following signatures couldn't be verified because the public key is not available: NO_PUBKEY 0E98404D386FA1D9 NO_PUBKEY 6ED0E7B82643E131 NO_PUBKEY F8D2585B8783D481
Get:2 http://deb.debian.org/debian bookworm-updates InRelease [52.1 kB]
Err:2 http://deb.debian.org/debian bookworm-updates InRelease
  The following signatures couldn't be verified because the public key is not available: NO_PUBKEY 0E98404D386FA1D9 NO_PUBKEY 6ED0E7B82643E131
解决办法：
root@916cb5695249:~# gpg --no-default-keyring --keyring gnupg-ring:/etc/apt/trusted.gpg.d/rabbit.gpg --keyserver keyserver.ubuntu.com --recv  0E98404D386FA1D9
Debian系统也是上命令;
但若是docker容器内报上错误，可能是docker容器内root无完全权限，需要添加privileged参数启动容器；
docker run -dit --name llama2-chinese -p 6780:5780 --privileged ubuntu:22.04 /bin/bash

root@916cb5695249:~# gpg --no-default-keyring --keyring gnupg-ring:/etc/apt/trusted.gpg.d/rabbit.gpg --keyserver keyserver.ubuntu.com --recv  0E98404D386FA1D9
gpg: keyring '/etc/apt/trusted.gpg.d/rabbit.gpg' created
gpg: connecting dirmngr at '/root/.gnupg/S.dirmngr' failed: End of file
gpg: keyserver receive failed: No dirmngr
root@916cb5695249:~# whereis dirmngr
dirmngr: /usr/bin/dirmngr /usr/share/man/man8/dirmngr.8.gz
root@916cb5695249:~# gpg --keyserver pgp.mit.edu --recv-keys 0E98404D386FA1D9
gpg: connecting dirmngr at '/root/.gnupg/S.dirmngr' failed: IPC connect call failed
gpg: keyserver receive failed: No dirmngr
root@916cb5695249:~# gpg --keyserver keys.openpgp.org --recv-keys  0E98404D386FA1D9
gpg: connecting dirmngr at '/root/.gnupg/S.dirmngr' failed: End of file
gpg: keyserver receive failed: No dirmngr
出现上面错误，可能是因为dirmngr未安装，也可能是其他原因；若没有安装dirmngr直接apt install dirmngr就好；
若是其他原因，可以离线下载公钥，方法步骤：
1、获取pub_key的ID。
2、然后转到http://keyserver.ubuntu.com/并以十六进制形式搜索密钥，例如，如果密钥为7936A783B，则搜索0x7936A783B。单击pup链接，然后复制密钥内容并将其保存到txt文件中,如key.txt。
3、转到终端并导航到文件并运行：gpg --import key.txt

cat URL.pub | sudo gpg --no-default-keyring --keyring gnupg-ring:/etc/apt/trusted.gpg.d/NAME.gpg --import

root@916cb5695249:~# gpg --import key1.txt
gpg: key 73A4F27B8DD47936: 6 signatures not checked due to missing keys
gpg: key 73A4F27B8DD47936: public key "Debian Archive Automatic Signing Key (11/bullseye) <ftpmaster@debian.org>" imported
gpg: can't connect to the agent: IPC connect call failed
gpg: Total number processed: 1
gpg:               imported: 1
gpg: no ultimately trusted keys found
注意这里的公钥都是 unkown 的状态，如果现在进行校验，可能会报错gpg: no ultimately trusted keys found ，因为这些公钥尚未授信。可以对公钥进行编辑：
修改授信等级步骤如下:
gpg --import private.key
导入私钥，从输出获得 KEY
gpg --edit-key KEY trust quit
输入 5 , y
修改该私钥的信任等级为[ultimate]而不是[unknown]

root@916cb5695249:~# gpg --edit-key 73A4F27B8DD47936 trust quit
输入5，再输入y;
root@916cb5695249:~# gpg --import key1.txt

# 问题：
linux系统下遇到cannot execute binary file的问题，一般由以下情况造成：
1、非root用户或者无执行权限
2、编译环境不同（程序由其他操作环境复制过来）
3、命令存在问题，如/bin/bash /bin/bash
/bin/bash: /bin/bash: cannot execute binary file

# 问题：
systemctl命令不存在
systemctl start httpd.service
bash: systemctl: command not found
启动服务，但是不行，没有systemctl这个命令
解决方案
使用service httpd start启动服务即可
