
备份数据命令
mysql@gswewf-pc:~$ /usr/bin/mysqldump python_tstamps  > python_tstamps.sql
报错：mysqldump: Got error: 1045: Access denied for user 'gswewf'@'localhost' (using password: NO) when trying to connect
需要用，用户名密码

mysql@gswewf-pc:~$ /usr/bin/mysqldump  -uroot -p123456 --host=localhost --databases yhb --tables python_tstamps > python_tstamps.sql
mysqldump: [Warning] Using a password on the command line interface can be insecure.
提示警告不安全

编辑.cnf文件，添加user和password
gswewf@gswewf-pc:~$ vim /etc/mysql/conf.d/mysqldump.cnf
在“[mysqldump]”选项下添加：                                                                                                                                                                                          user=root
password=123456


示例：
# mysql@gswewf-pc:~$ /usr/bin/mysqldump  -uroot -p123456 --host=localhost --databases yhb --tables python_tstamps > python_tstamps.sql
# mysqldump: [Warning] Using a password on the command line interface can be insecure.
# mysql@gswewf-pc:~$ /usr/bin/mysqldump --host=localhost --databases yhb --tables python_tstamps > python_tstamps.sql

# 复制mysql数据库：
第一步：新建一个空的数据库`product1`：
mysql> CREATE DATABASE `product1` DEFAULT CHARACTER SET UTF8 COLLATE UTF8_GENERAL_CI;
第二步：复制数据库（将数据库`yhb`复制到`product1`）：
gswewf@gswewf-pc:~$ mysqldump yhb -hlocalhost -uroot -p123456 --add-drop-table | mysql -hlocalhost product1 -uroot -p123456

1 导出所有库

 系统命令行
mysqldump -uusername -ppassword --all-databases > all.sql
 这里“username”是用户名， ‘password’是指密码，与前面的-u、 -p间无空格
如：root用户的密码是123456，则：
mysqldump -uroot -p123456 --all-databases > all.sql

 2 导入所有库
 mysql命令行
 mysql>source all.sql;
 
 3 导出某些库
 系统命令行
 mysqldump -uusername -ppassword --databases db1 db2 > db1db2.sql

 导出数据库时候，若没有权限，可以使用不锁表导出数据：
bash-5.1# mysqldump -u zhangsan -p --skip-lock-tables db1 > db1.sql
 
 4 导入某些库
 mysql命令行
 mysql>source db1db2.sql;
 
 5 导入某个库
 系统命令行
 mysql -uusername -ppassword db1 < db1.sql;
 或mysql命令行
 mysql>source db1.sql;
 
 6 导出某些数据表
 系统命令行
 mysqldump -uusername -ppassword db1 table1 table2 > tb1tb2.sql
 
 7 导入某些数据表
 系统命令行
 mysql -uusername -ppassword db1 < tb1tb2.sql
 或mysql命令行
 mysql>
 user db1;
 source tb1tb2.sql;
 
 8 mysqldump字符集设置
 mysqldump -uusername -ppassword --default-character-set=gb2312 db1 table1 > tb1.sql

写好备份程序后，添加到定时任务：
进入crontab 编辑状态
gswewf@gswewf-pc:~$ crontab -e  
no crontab for gswewf - using an empty one

Select an editor.  To change later, run 'select-editor'.
  1. /bin/nano        <---- easiest
  2. /usr/bin/vim.basic
  3. /usr/bin/vim.tiny

Choose 1-3 [1]: 2
crontab: installing new crontab

添加一行（每隔一个小时备份一次）
0 * * * * gswewf /home/gswewf/database_backup.sh

重启crontab服务：
gswewf@gswewf-pc:~$ sudo service cron restart
 
